// Jest Snapshot v1, https://goo.gl/fbAQLP

exports[`DemoComponent should render correctly 1`] = `
<span>
  This is a Demo component
</span>
`;
